Command line invocation:
    /Applications/Xcode.app/Contents/Developer/usr/bin/xcodebuild -project /Users/tanqinghua/Personal/Notiee/Notiee.xcodeproj -scheme Notiee -destination generic/platform=iOS build

Resolve Package Graph


Resolved source packages:
  ZIPFoundation: https://github.com/weichsel/ZIPFoundation.git @ 0.9.20

ComputePackagePrebuildTargetDependencyGraph

Prepare packages

CreateBuildRequest

SendProjectDescription

CreateBuildOperation

ComputeTargetDependencyGraph
note: Building targets in dependency order
note: Target dependency graph (5 targets)
    Target 'Notiee' in project 'Notiee'
        ➜ Explicit dependency on target 'NotieeWidgetExtension' in project 'Notiee'
        ➜ Explicit dependency on target 'ZIPFoundation' in project 'ZIPFoundation'
    Target 'ZIPFoundation' in project 'ZIPFoundation'
        ➜ Explicit dependency on target 'ZIPFoundation' in project 'ZIPFoundation'
        ➜ Explicit dependency on target 'ZIPFoundation_ZIPFoundation' in project 'ZIPFoundation'
    Target 'ZIPFoundation' in project 'ZIPFoundation'
        ➜ Explicit dependency on target 'ZIPFoundation_ZIPFoundation' in project 'ZIPFoundation'
    Target 'ZIPFoundation_ZIPFoundation' in project 'ZIPFoundation' (no dependencies)
    Target 'NotieeWidgetExtension' in project 'Notiee' (no dependencies)

GatherProvisioningInputs

CreateBuildDescription

ExecuteExternalTool /Applications/Xcode.app/Contents/Developer/usr/bin/actool --version --output-format xml1

ExecuteExternalTool /Applications/Xcode.app/Contents/Developer/Toolchains/XcodeDefault.xctoolchain/usr/bin/clang -v -E -dM -isysroot /Applications/Xcode.app/Contents/Developer/Platforms/iPhoneOS.platform/Developer/SDKs/iPhoneOS26.5.sdk -x c -c /dev/null

ExecuteExternalTool /Applications/Xcode.app/Contents/Developer/Toolchains/XcodeDefault.xctoolchain/usr/bin/swiftc --version

ExecuteExternalTool /Applications/Xcode.app/Contents/Developer/Toolchains/XcodeDefault.xctoolchain/usr/bin/ld -version_details

Build description signature: 9d4ecf52280ca55f568eef4caf9576fd
Build description path: /Users/tanqinghua/Library/Developer/Xcode/DerivedData/Notiee-dbcfwqxtgpjuxddmlvsrraajexcr/Build/Intermediates.noindex/XCBuildData/9d4ecf52280ca55f568eef4caf9576fd.xcbuilddata
ClangStatCache /Applications/Xcode.app/Contents/Developer/Toolchains/XcodeDefault.xctoolchain/usr/bin/clang-stat-cache /Applications/Xcode.app/Contents/Developer/Platforms/iPhoneOS.platform/Developer/SDKs/iPhoneOS26.5.sdk /Users/tanqinghua/Library/Developer/Xcode/DerivedData/SDKStatCaches.noindex/iphoneos26.5-23F73-32daed1954a7d5dd0789fcaf2a9bb78b.sdkstatcache
    cd /Users/tanqinghua/Personal/Notiee/Notiee.xcodeproj
    /Applications/Xcode.app/Contents/Developer/Toolchains/XcodeDefault.xctoolchain/usr/bin/clang-stat-cache /Applications/Xcode.app/Contents/Developer/Platforms/iPhoneOS.platform/Developer/SDKs/iPhoneOS26.5.sdk -o /Users/tanqinghua/Library/Developer/Xcode/DerivedData/SDKStatCaches.noindex/iphoneos26.5-23F73-32daed1954a7d5dd0789fcaf2a9bb78b.sdkstatcache

ProcessInfoPlistFile /Users/tanqinghua/Library/Developer/Xcode/DerivedData/Notiee-dbcfwqxtgpjuxddmlvsrraajexcr/Build/Products/Debug-iphoneos/ZIPFoundation_ZIPFoundation.bundle/Info.plist /Users/tanqinghua/Library/Developer/Xcode/DerivedData/Notiee-dbcfwqxtgpjuxddmlvsrraajexcr/Build/Intermediates.noindex/ZIPFoundation.build/Debug-iphoneos/ZIPFoundation_ZIPFoundation.build/empty-ZIPFoundation_ZIPFoundation.plist (in target 'ZIPFoundation_ZIPFoundation' from project 'ZIPFoundation')
    cd /Users/tanqinghua/Library/Developer/Xcode/DerivedData/Notiee-dbcfwqxtgpjuxddmlvsrraajexcr/SourcePackages/checkouts/ZIPFoundation
    builtin-infoPlistUtility /Users/tanqinghua/Library/Developer/Xcode/DerivedData/Notiee-dbcfwqxtgpjuxddmlvsrraajexcr/Build/Intermediates.noindex/ZIPFoundation.build/Debug-iphoneos/ZIPFoundation_ZIPFoundation.build/empty-ZIPFoundation_ZIPFoundation.plist -producttype com.apple.product-type.bundle -expandbuildsettings -format binary -platform iphoneos -requiredArchitecture arm64 -o /Users/tanqinghua/Library/Developer/Xcode/DerivedData/Notiee-dbcfwqxtgpjuxddmlvsrraajexcr/Build/Products/Debug-iphoneos/ZIPFoundation_ZIPFoundation.bundle/Info.plist

ProcessInfoPlistFile /Users/tanqinghua/Library/Developer/Xcode/DerivedData/Notiee-dbcfwqxtgpjuxddmlvsrraajexcr/Build/Products/Debug-iphoneos/NotieeWidgetExtension.appex/Info.plist /Users/tanqinghua/Personal/Notiee/NotieeWidget/Info.plist (in target 'NotieeWidgetExtension' from project 'Notiee')
    cd /Users/tanqinghua/Personal/Notiee
    builtin-infoPlistUtility /Users/tanqinghua/Personal/Notiee/NotieeWidget/Info.plist -producttype com.apple.product-type.app-extension -expandbuildsettings -format binary -platform iphoneos -additionalcontentfile /Users/tanqinghua/Library/Developer/Xcode/DerivedData/Notiee-dbcfwqxtgpjuxddmlvsrraajexcr/Build/Intermediates.noindex/Notiee.build/Debug-iphoneos/NotieeWidgetExtension.build/assetcatalog_generated_info.plist -requiredArchitecture arm64 -o /Users/tanqinghua/Library/Developer/Xcode/DerivedData/Notiee-dbcfwqxtgpjuxddmlvsrraajexcr/Build/Products/Debug-iphoneos/NotieeWidgetExtension.appex/Info.plist

SwiftDriver Notiee normal arm64 com.apple.xcode.tools.swift.compiler (in target 'Notiee' from project 'Notiee')
    cd /Users/tanqinghua/Personal/Notiee
    builtin-SwiftDriver -- /Applications/Xcode.app/Contents/Developer/Toolchains/XcodeDefault.xctoolchain/usr/bin/swiftc -module-name Notiee -Onone @/Users/tanqinghua/Library/Developer/Xcode/DerivedData/Notiee-dbcfwqxtgpjuxddmlvsrraajexcr/Build/Intermediates.noindex/Notiee.build/Debug-iphoneos/Notiee.build/Objects-normal/arm64/Notiee.SwiftFileList -DDEBUG -enable-bare-slash-regex -enable-experimental-feature DebugDescriptionMacro -sdk /Applications/Xcode.app/Contents/Developer/Platforms/iPhoneOS.platform/Developer/SDKs/iPhoneOS26.5.sdk -target arm64-apple-ios17.0 -g -module-cache-path /Users/tanqinghua/Library/Developer/Xcode/DerivedData/ModuleCache.noindex -Xfrontend -serialize-debugging-options -profile-coverage-mapping -profile-generate -enable-testing -index-store-path /Users/tanqinghua/Library/Developer/Xcode/DerivedData/Notiee-dbcfwqxtgpjuxddmlvsrraajexcr/Index.noindex/DataStore -Xcc -D_LIBCPP_HARDENING_MODE\=_LIBCPP_HARDENING_MODE_DEBUG -swift-version 5 -I /Users/tanqinghua/Library/Developer/Xcode/DerivedData/Notiee-dbcfwqxtgpjuxddmlvsrraajexcr/Build/Products/Debug-iphoneos -F /Users/tanqinghua/Library/Developer/Xcode/DerivedData/Notiee-dbcfwqxtgpjuxddmlvsrraajexcr/Build/Products/Debug-iphoneos/PackageFrameworks -F /Users/tanqinghua/Library/Developer/Xcode/DerivedData/Notiee-dbcfwqxtgpjuxddmlvsrraajexcr/Build/Products/Debug-iphoneos -emit-localized-strings -emit-localized-strings-path /Users/tanqinghua/Library/Developer/Xcode/DerivedData/Notiee-dbcfwqxtgpjuxddmlvsrraajexcr/Build/Intermediates.noindex/Notiee.build/Debug-iphoneos/Notiee.build/Objects-normal/arm64 -c -j10 -enable-batch-mode -incremental -Xcc -ivfsstatcache -Xcc /Users/tanqinghua/Library/Developer/Xcode/DerivedData/SDKStatCaches.noindex/iphoneos26.5-23F73-32daed1954a7d5dd0789fcaf2a9bb78b.sdkstatcache -output-file-map /Users/tanqinghua/Library/Developer/Xcode/DerivedData/Notiee-dbcfwqxtgpjuxddmlvsrraajexcr/Build/Intermediates.noindex/Notiee.build/Debug-iphoneos/Notiee.build/Objects-normal/arm64/Notiee-OutputFileMap.json -use-frontend-parseable-output -save-temps -no-color-diagnostics -explicit-module-build -module-cache-path /Users/tanqinghua/Library/Developer/Xcode/DerivedData/Notiee-dbcfwqxtgpjuxddmlvsrraajexcr/Build/Intermediates.noindex/SwiftExplicitPrecompiledModules -clang-scanner-module-cache-path /Users/tanqinghua/Library/Developer/Xcode/DerivedData/ModuleCache.noindex -sdk-module-cache-path /Users/tanqinghua/Library/Developer/Xcode/DerivedData/ModuleCache.noindex -serialize-diagnostics -emit-dependencies -emit-module -emit-module-path /Users/tanqinghua/Library/Developer/Xcode/DerivedData/Notiee-dbcfwqxtgpjuxddmlvsrraajexcr/Build/Intermediates.noindex/Notiee.build/Debug-iphoneos/Notiee.build/Objects-normal/arm64/Notiee.swiftmodule -validate-clang-modules-once -clang-build-session-file /Users/tanqinghua/Library/Developer/Xcode/DerivedData/ModuleCache.noindex/Session.modulevalidation -Xcc -I/Users/tanqinghua/Library/Developer/Xcode/DerivedData/Notiee-dbcfwqxtgpjuxddmlvsrraajexcr/Build/Intermediates.noindex/Notiee.build/Debug-iphoneos/Notiee.build/swift-overrides.hmap -emit-const-values -Xfrontend -const-gather-protocols-file -Xfrontend /Users/tanqinghua/Library/Developer/Xcode/DerivedData/Notiee-dbcfwqxtgpjuxddmlvsrraajexcr/Build/Intermediates.noindex/Notiee.build/Debug-iphoneos/Notiee.build/Objects-normal/arm64/Notiee_const_extract_protocols.json -Xcc -iquote -Xcc /Users/tanqinghua/Library/Developer/Xcode/DerivedData/Notiee-dbcfwqxtgpjuxddmlvsrraajexcr/Build/Intermediates.noindex/Notiee.build/Debug-iphoneos/Notiee.build/Notiee-generated-files.hmap -Xcc -I/Users/tanqinghua/Library/Developer/Xcode/DerivedData/Notiee-dbcfwqxtgpjuxddmlvsrraajexcr/Build/Intermediates.noindex/Notiee.build/Debug-iphoneos/Notiee.build/Notiee-own-target-headers.hmap -Xcc -I/Users/tanqinghua/Library/Developer/Xcode/DerivedData/Notiee-dbcfwqxtgpjuxddmlvsrraajexcr/Build/Intermediates.noindex/Notiee.build/Debug-iphoneos/Notiee.build/Notiee-all-non-framework-target-headers.hmap -Xcc -ivfsoverlay -Xcc /Users/tanqinghua/Library/Developer/Xcode/DerivedData/Notiee-dbcfwqxtgpjuxddmlvsrraajexcr/Build/Intermediates.noindex/Notiee.build/Debug-iphoneos/Notiee-30343cc1373ae6a0b26bf85640677acd-VFS-iphoneos/all-product-headers.yaml -Xcc -iquote -Xcc /Users/tanqinghua/Library/Developer/Xcode/DerivedData/Notiee-dbcfwqxtgpjuxddmlvsrraajexcr/Build/Intermediates.noindex/Notiee.build/Debug-iphoneos/Notiee.build/Notiee-project-headers.hmap -Xcc -I/Users/tanqinghua/Library/Developer/Xcode/DerivedData/Notiee-dbcfwqxtgpjuxddmlvsrraajexcr/Build/Products/Debug-iphoneos/include -Xcc -I/Users/tanqinghua/Library/Developer/Xcode/DerivedData/Notiee-dbcfwqxtgpjuxddmlvsrraajexcr/Build/Intermediates.noindex/Notiee.build/Debug-iphoneos/Notiee.build/DerivedSources-normal/arm64 -Xcc -I/Users/tanqinghua/Library/Developer/Xcode/DerivedData/Notiee-dbcfwqxtgpjuxddmlvsrraajexcr/Build/Intermediates.noindex/Notiee.build/Debug-iphoneos/Notiee.build/DerivedSources/arm64 -Xcc -I/Users/tanqinghua/Library/Developer/Xcode/DerivedData/Notiee-dbcfwqxtgpjuxddmlvsrraajexcr/Build/Intermediates.noindex/Notiee.build/Debug-iphoneos/Notiee.build/DerivedSources -Xcc -DDEBUG\=1 -emit-objc-header -emit-objc-header-path /Users/tanqinghua/Library/Developer/Xcode/DerivedData/Notiee-dbcfwqxtgpjuxddmlvsrraajexcr/Build/Intermediates.noindex/Notiee.build/Debug-iphoneos/Notiee.build/Objects-normal/arm64/Notiee-Swift.h -working-directory /Users/tanqinghua/Personal/Notiee -experimental-emit-module-separately -disable-cmo
/Users/tanqinghua/Personal/Notiee/Notiee/Features/Settings/ImportScheduleView.swift:211:9: error: expected declaration
        self.parsedEventsWrapper = ParsedEventsWrapper(events: events)
        ^
/Users/tanqinghua/Personal/Notiee/Notiee/Features/Settings/ImportScheduleView.swift:4:8: note: in declaration of 'ImportScheduleView'
struct ImportScheduleView: View {
       ^
/Users/tanqinghua/Personal/Notiee/Notiee/Features/Settings/ImportScheduleView.swift:290:1: error: extraneous '}' at top level
}
^
/Users/tanqinghua/Personal/Notiee/Notiee/Features/Settings/ImportScheduleView.swift:211:9: error: Expected declaration
        self.parsedEventsWrapper = ParsedEventsWrapper(events: events)
        ^ (in target 'Notiee' from project 'Notiee')
/Users/tanqinghua/Personal/Notiee/Notiee/Features/Settings/ImportScheduleView.swift:4:8: note: In declaration of 'ImportScheduleView'
struct ImportScheduleView: View {
       ^ (in target 'Notiee' from project 'Notiee')
/Users/tanqinghua/Personal/Notiee/Notiee/Features/Settings/ImportScheduleView.swift:290:1: error: Extraneous '}' at top level
}
^ (in target 'Notiee' from project 'Notiee')

Ld /Users/tanqinghua/Library/Developer/Xcode/DerivedData/Notiee-dbcfwqxtgpjuxddmlvsrraajexcr/Build/Products/Debug-iphoneos/NotieeWidgetExtension.appex/NotieeWidgetExtension.debug.dylib normal (in target 'NotieeWidgetExtension' from project 'Notiee')
    cd /Users/tanqinghua/Personal/Notiee
    /Applications/Xcode.app/Contents/Developer/Toolchains/XcodeDefault.xctoolchain/usr/bin/clang -Xlinker -reproducible -target arm64-apple-ios26.5 -dynamiclib -isysroot /Applications/Xcode.app/Contents/Developer/Platforms/iPhoneOS.platform/Developer/SDKs/iPhoneOS26.5.sdk -O0 -L/Users/tanqinghua/Library/Developer/Xcode/DerivedData/Notiee-dbcfwqxtgpjuxddmlvsrraajexcr/Build/Intermediates.noindex/EagerLinkingTBDs/Debug-iphoneos -L/Users/tanqinghua/Library/Developer/Xcode/DerivedData/Notiee-dbcfwqxtgpjuxddmlvsrraajexcr/Build/Products/Debug-iphoneos -F/Users/tanqinghua/Library/Developer/Xcode/DerivedData/Notiee-dbcfwqxtgpjuxddmlvsrraajexcr/Build/Intermediates.noindex/EagerLinkingTBDs/Debug-iphoneos -F/Users/tanqinghua/Library/Developer/Xcode/DerivedData/Notiee-dbcfwqxtgpjuxddmlvsrraajexcr/Build/Products/Debug-iphoneos -filelist /Users/tanqinghua/Library/Developer/Xcode/DerivedData/Notiee-dbcfwqxtgpjuxddmlvsrraajexcr/Build/Intermediates.noindex/Notiee.build/Debug-iphoneos/NotieeWidgetExtension.build/Objects-normal/arm64/NotieeWidgetExtension.LinkFileList -install_name @rpath/NotieeWidgetExtension.debug.dylib -Xlinker -rpath -Xlinker @executable_path/Frameworks -Xlinker -rpath -Xlinker @executable_path/../../Frameworks -Xlinker -dead_strip -Xlinker -object_path_lto -Xlinker /Users/tanqinghua/Library/Developer/Xcode/DerivedData/Notiee-dbcfwqxtgpjuxddmlvsrraajexcr/Build/Intermediates.noindex/Notiee.build/Debug-iphoneos/NotieeWidgetExtension.build/Objects-normal/arm64/NotieeWidgetExtension_lto.o -rdynamic -Xlinker -no_deduplicate -Xlinker -debug_variant -Xlinker -dependency_info -Xlinker /Users/tanqinghua/Library/Developer/Xcode/DerivedData/Notiee-dbcfwqxtgpjuxddmlvsrraajexcr/Build/Intermediates.noindex/Notiee.build/Debug-iphoneos/NotieeWidgetExtension.build/Objects-normal/arm64/NotieeWidgetExtension_dependency_info.dat -fapplication-extension -fobjc-link-runtime -fprofile-instr-generate -L/Applications/Xcode.app/Contents/Developer/Toolchains/XcodeDefault.xctoolchain/usr/lib/swift/iphoneos -L/usr/lib/swift -Xlinker -add_ast_path -Xlinker /Users/tanqinghua/Library/Developer/Xcode/DerivedData/Notiee-dbcfwqxtgpjuxddmlvsrraajexcr/Build/Intermediates.noindex/Notiee.build/Debug-iphoneos/NotieeWidgetExtension.build/Objects-normal/arm64/NotieeWidgetExtension.swiftmodule @/Users/tanqinghua/Library/Developer/Xcode/DerivedData/Notiee-dbcfwqxtgpjuxddmlvsrraajexcr/Build/Intermediates.noindex/Notiee.build/Debug-iphoneos/NotieeWidgetExtension.build/Objects-normal/arm64/NotieeWidgetExtension-linker-args.resp -Xlinker -alias -Xlinker _NSExtensionMain -Xlinker ___debug_main_executable_dylib_entry_point -framework SwiftUI -framework WidgetKit -Xlinker -no_adhoc_codesign -o /Users/tanqinghua/Library/Developer/Xcode/DerivedData/Notiee-dbcfwqxtgpjuxddmlvsrraajexcr/Build/Products/Debug-iphoneos/NotieeWidgetExtension.appex/NotieeWidgetExtension.debug.dylib

ConstructStubExecutorLinkFileList /Users/tanqinghua/Library/Developer/Xcode/DerivedData/Notiee-dbcfwqxtgpjuxddmlvsrraajexcr/Build/Intermediates.noindex/Notiee.build/Debug-iphoneos/NotieeWidgetExtension.build/NotieeWidgetExtension-ExecutorLinkFileList-normal-arm64.txt (in target 'NotieeWidgetExtension' from project 'Notiee')
    cd /Users/tanqinghua/Personal/Notiee
    construct-stub-executor-link-file-list /Users/tanqinghua/Library/Developer/Xcode/DerivedData/Notiee-dbcfwqxtgpjuxddmlvsrraajexcr/Build/Products/Debug-iphoneos/NotieeWidgetExtension.appex/NotieeWidgetExtension.debug.dylib /Applications/Xcode.app/Contents/Developer/Platforms/iPhoneOS.platform/Developer/usr/lib/libPreviewsJITStubExecutor_no_swift_entry_point.a /Applications/Xcode.app/Contents/Developer/Platforms/iPhoneOS.platform/Developer/usr/lib/libPreviewsJITStubExecutor.a --output /Users/tanqinghua/Library/Developer/Xcode/DerivedData/Notiee-dbcfwqxtgpjuxddmlvsrraajexcr/Build/Intermediates.noindex/Notiee.build/Debug-iphoneos/NotieeWidgetExtension.build/NotieeWidgetExtension-ExecutorLinkFileList-normal-arm64.txt
note: Using stub executor library with Swift entry point. (in target 'NotieeWidgetExtension' from project 'Notiee')

Ld /Users/tanqinghua/Library/Developer/Xcode/DerivedData/Notiee-dbcfwqxtgpjuxddmlvsrraajexcr/Build/Products/Debug-iphoneos/NotieeWidgetExtension.appex/NotieeWidgetExtension normal (in target 'NotieeWidgetExtension' from project 'Notiee')
    cd /Users/tanqinghua/Personal/Notiee
    /Applications/Xcode.app/Contents/Developer/Toolchains/XcodeDefault.xctoolchain/usr/bin/clang -Xlinker -reproducible -target arm64-apple-ios26.5 -isysroot /Applications/Xcode.app/Contents/Developer/Platforms/iPhoneOS.platform/Developer/SDKs/iPhoneOS26.5.sdk -O0 -L/Users/tanqinghua/Library/Developer/Xcode/DerivedData/Notiee-dbcfwqxtgpjuxddmlvsrraajexcr/Build/Products/Debug-iphoneos -F/Users/tanqinghua/Library/Developer/Xcode/DerivedData/Notiee-dbcfwqxtgpjuxddmlvsrraajexcr/Build/Products/Debug-iphoneos -Xlinker -rpath -Xlinker @executable_path -Xlinker -rpath -Xlinker @executable_path/Frameworks -Xlinker -rpath -Xlinker @executable_path/../../Frameworks -rdynamic -Xlinker -no_deduplicate -Xlinker -debug_variant -e ___debug_blank_executor_main -Xlinker -sectcreate -Xlinker __TEXT -Xlinker __debug_dylib -Xlinker /Users/tanqinghua/Library/Developer/Xcode/DerivedData/Notiee-dbcfwqxtgpjuxddmlvsrraajexcr/Build/Intermediates.noindex/Notiee.build/Debug-iphoneos/NotieeWidgetExtension.build/NotieeWidgetExtension-DebugDylibPath-normal-arm64.txt -Xlinker -sectcreate -Xlinker __TEXT -Xlinker __debug_entry -Xlinker /Users/tanqinghua/Library/Developer/Xcode/DerivedData/Notiee-dbcfwqxtgpjuxddmlvsrraajexcr/Build/Intermediates.noindex/Notiee.build/Debug-iphoneos/NotieeWidgetExtension.build/NotieeWidgetExtension-DebugEntryPoint-normal-arm64.txt -Xlinker -sectcreate -Xlinker __TEXT -Xlinker __debug_instlnm -Xlinker /Users/tanqinghua/Library/Developer/Xcode/DerivedData/Notiee-dbcfwqxtgpjuxddmlvsrraajexcr/Build/Intermediates.noindex/Notiee.build/Debug-iphoneos/NotieeWidgetExtension.build/NotieeWidgetExtension-DebugDylibInstallName-normal-arm64.txt -Xlinker -filelist -Xlinker /Users/tanqinghua/Library/Developer/Xcode/DerivedData/Notiee-dbcfwqxtgpjuxddmlvsrraajexcr/Build/Intermediates.noindex/Notiee.build/Debug-iphoneos/NotieeWidgetExtension.build/NotieeWidgetExtension-ExecutorLinkFileList-normal-arm64.txt /Users/tanqinghua/Library/Developer/Xcode/DerivedData/Notiee-dbcfwqxtgpjuxddmlvsrraajexcr/Build/Products/Debug-iphoneos/NotieeWidgetExtension.appex/NotieeWidgetExtension.debug.dylib -Xlinker -no_adhoc_codesign -o /Users/tanqinghua/Library/Developer/Xcode/DerivedData/Notiee-dbcfwqxtgpjuxddmlvsrraajexcr/Build/Products/Debug-iphoneos/NotieeWidgetExtension.appex/NotieeWidgetExtension

ExtractAppIntentsMetadata (in target 'NotieeWidgetExtension' from project 'Notiee')
    cd /Users/tanqinghua/Personal/Notiee
    /Applications/Xcode.app/Contents/Developer/Toolchains/XcodeDefault.xctoolchain/usr/bin/appintentsmetadataprocessor --toolchain-dir /Applications/Xcode.app/Contents/Developer/Toolchains/XcodeDefault.xctoolchain --module-name NotieeWidgetExtension --sdk-root /Applications/Xcode.app/Contents/Developer/Platforms/iPhoneOS.platform/Developer/SDKs/iPhoneOS26.5.sdk --xcode-version 17F42 --platform-family iOS --deployment-target 26.5 --bundle-identifier com.notiee.app.NotieeWidget --output /Users/tanqinghua/Library/Developer/Xcode/DerivedData/Notiee-dbcfwqxtgpjuxddmlvsrraajexcr/Build/Products/Debug-iphoneos/NotieeWidgetExtension.appex --target-triple arm64-apple-ios26.5 --binary-file /Users/tanqinghua/Library/Developer/Xcode/DerivedData/Notiee-dbcfwqxtgpjuxddmlvsrraajexcr/Build/Products/Debug-iphoneos/NotieeWidgetExtension.appex/NotieeWidgetExtension --dependency-file /Users/tanqinghua/Library/Developer/Xcode/DerivedData/Notiee-dbcfwqxtgpjuxddmlvsrraajexcr/Build/Intermediates.noindex/Notiee.build/Debug-iphoneos/NotieeWidgetExtension.build/Objects-normal/arm64/NotieeWidgetExtension_dependency_info.dat --stringsdata-file /Users/tanqinghua/Library/Developer/Xcode/DerivedData/Notiee-dbcfwqxtgpjuxddmlvsrraajexcr/Build/Intermediates.noindex/Notiee.build/Debug-iphoneos/NotieeWidgetExtension.build/Objects-normal/arm64/ExtractedAppShortcutsMetadata.stringsdata --source-file-list /Users/tanqinghua/Library/Developer/Xcode/DerivedData/Notiee-dbcfwqxtgpjuxddmlvsrraajexcr/Build/Intermediates.noindex/Notiee.build/Debug-iphoneos/NotieeWidgetExtension.build/Objects-normal/arm64/NotieeWidgetExtension.SwiftFileList --metadata-file-list /Users/tanqinghua/Library/Developer/Xcode/DerivedData/Notiee-dbcfwqxtgpjuxddmlvsrraajexcr/Build/Intermediates.noindex/Notiee.build/Debug-iphoneos/NotieeWidgetExtension.build/NotieeWidgetExtension.DependencyMetadataFileList --static-metadata-file-list /Users/tanqinghua/Library/Developer/Xcode/DerivedData/Notiee-dbcfwqxtgpjuxddmlvsrraajexcr/Build/Intermediates.noindex/Notiee.build/Debug-iphoneos/NotieeWidgetExtension.build/NotieeWidgetExtension.DependencyStaticMetadataFileList --swift-const-vals-list /Users/tanqinghua/Library/Developer/Xcode/DerivedData/Notiee-dbcfwqxtgpjuxddmlvsrraajexcr/Build/Intermediates.noindex/Notiee.build/Debug-iphoneos/NotieeWidgetExtension.build/Objects-normal/arm64/NotieeWidgetExtension.SwiftConstValuesFileList --compile-time-extraction --deployment-aware-processing --validate-assistant-intents --no-app-shortcuts-localization
2026-05-23 20:04:01.779 appintentsmetadataprocessor[74998:833210] Starting appintentsmetadataprocessor export
2026-05-23 20:04:01.799 appintentsmetadataprocessor[74998:833210] Extracted no relevant App Intents symbols, skipping writing output

CodeSign /Users/tanqinghua/Library/Developer/Xcode/DerivedData/Notiee-dbcfwqxtgpjuxddmlvsrraajexcr/Build/Products/Debug-iphoneos/NotieeWidgetExtension.appex/NotieeWidgetExtension.debug.dylib (in target 'NotieeWidgetExtension' from project 'Notiee')
    cd /Users/tanqinghua/Personal/Notiee
    
    Signing Identity:     "Apple Development: woxiantao@icloud.com (D5YTJ75C2H)"
    Provisioning Profile: "iOS Team Provisioning Profile: com.notiee.app.NotieeWidget"
                          (72eb1031-58e0-443d-a160-3e2e1b6ee04c)
    
    /usr/bin/codesign --force --sign 64918B841EC76A7DE1A885759711C8F30BED105D --timestamp\=none --generate-entitlement-der /Users/tanqinghua/Library/Developer/Xcode/DerivedData/Notiee-dbcfwqxtgpjuxddmlvsrraajexcr/Build/Products/Debug-iphoneos/NotieeWidgetExtension.appex/NotieeWidgetExtension.debug.dylib

CodeSign /Users/tanqinghua/Library/Developer/Xcode/DerivedData/Notiee-dbcfwqxtgpjuxddmlvsrraajexcr/Build/Products/Debug-iphoneos/NotieeWidgetExtension.appex (in target 'NotieeWidgetExtension' from project 'Notiee')
    cd /Users/tanqinghua/Personal/Notiee
    
    Signing Identity:     "Apple Development: woxiantao@icloud.com (D5YTJ75C2H)"
    Provisioning Profile: "iOS Team Provisioning Profile: com.notiee.app.NotieeWidget"
                          (72eb1031-58e0-443d-a160-3e2e1b6ee04c)
    
    /usr/bin/codesign --force --sign 64918B841EC76A7DE1A885759711C8F30BED105D --entitlements /Users/tanqinghua/Library/Developer/Xcode/DerivedData/Notiee-dbcfwqxtgpjuxddmlvsrraajexcr/Build/Intermediates.noindex/Notiee.build/Debug-iphoneos/NotieeWidgetExtension.build/NotieeWidgetExtension.appex.xcent --timestamp\=none --generate-entitlement-der /Users/tanqinghua/Library/Developer/Xcode/DerivedData/Notiee-dbcfwqxtgpjuxddmlvsrraajexcr/Build/Products/Debug-iphoneos/NotieeWidgetExtension.appex

ExtractAppIntentsMetadata (in target 'ZIPFoundation' from project 'ZIPFoundation')
    cd /Users/tanqinghua/Library/Developer/Xcode/DerivedData/Notiee-dbcfwqxtgpjuxddmlvsrraajexcr/SourcePackages/checkouts/ZIPFoundation
    /Applications/Xcode.app/Contents/Developer/Toolchains/XcodeDefault.xctoolchain/usr/bin/appintentsmetadataprocessor --toolchain-dir /Applications/Xcode.app/Contents/Developer/Toolchains/XcodeDefault.xctoolchain --module-name ZIPFoundation --sdk-root /Applications/Xcode.app/Contents/Developer/Platforms/iPhoneOS.platform/Developer/SDKs/iPhoneOS26.5.sdk --xcode-version 17F42 --platform-family iOS --deployment-target 12.0 --bundle-identifier zipfoundation.ZIPFoundation --output /Users/tanqinghua/Library/Developer/Xcode/DerivedData/Notiee-dbcfwqxtgpjuxddmlvsrraajexcr/Build/Products/Debug-iphoneos/ZIPFoundation.appintents --target-triple arm64-apple-ios12.0 --binary-file /Users/tanqinghua/Library/Developer/Xcode/DerivedData/Notiee-dbcfwqxtgpjuxddmlvsrraajexcr/Build/Products/Debug-iphoneos/ZIPFoundation.o --dependency-file /Users/tanqinghua/Library/Developer/Xcode/DerivedData/Notiee-dbcfwqxtgpjuxddmlvsrraajexcr/Build/Intermediates.noindex/ZIPFoundation.build/Debug-iphoneos/ZIPFoundation.build/Objects-normal/arm64/ZIPFoundation_dependency_info.dat --stringsdata-file /Users/tanqinghua/Library/Developer/Xcode/DerivedData/Notiee-dbcfwqxtgpjuxddmlvsrraajexcr/Build/Intermediates.noindex/ZIPFoundation.build/Debug-iphoneos/ZIPFoundation.build/Objects-normal/arm64/ExtractedAppShortcutsMetadata.stringsdata --source-file-list /Users/tanqinghua/Library/Developer/Xcode/DerivedData/Notiee-dbcfwqxtgpjuxddmlvsrraajexcr/Build/Intermediates.noindex/ZIPFoundation.build/Debug-iphoneos/ZIPFoundation.build/Objects-normal/arm64/ZIPFoundation.SwiftFileList --metadata-file-list /Users/tanqinghua/Library/Developer/Xcode/DerivedData/Notiee-dbcfwqxtgpjuxddmlvsrraajexcr/Build/Intermediates.noindex/ZIPFoundation.build/Debug-iphoneos/ZIPFoundation.build/ZIPFoundation.DependencyMetadataFileList --static-metadata-file-list /Users/tanqinghua/Library/Developer/Xcode/DerivedData/Notiee-dbcfwqxtgpjuxddmlvsrraajexcr/Build/Intermediates.noindex/ZIPFoundation.build/Debug-iphoneos/ZIPFoundation.build/ZIPFoundation.DependencyStaticMetadataFileList --swift-const-vals-list /Users/tanqinghua/Library/Developer/Xcode/DerivedData/Notiee-dbcfwqxtgpjuxddmlvsrraajexcr/Build/Intermediates.noindex/ZIPFoundation.build/Debug-iphoneos/ZIPFoundation.build/Objects-normal/arm64/ZIPFoundation.SwiftConstValuesFileList --force --compile-time-extraction --deployment-aware-processing --validate-assistant-intents --no-app-shortcuts-localization

** BUILD FAILED **


The following build commands failed:
	SwiftDriver Notiee normal arm64 com.apple.xcode.tools.swift.compiler (in target 'Notiee' from project 'Notiee')
	Building project Notiee with scheme Notiee
(2 failures)
