Command line invocation:
    /Applications/Xcode.app/Contents/Developer/usr/bin/xcodebuild build -project Notiee.xcodeproj -scheme Notiee -destination "platform=iOS Simulator,name=iPhone 17 Pro"

ComputePackagePrebuildTargetDependencyGraph

Prepare packages

CreateBuildRequest

SendProjectDescription

CreateBuildOperation

ComputeTargetDependencyGraph
note: Building targets in dependency order
note: Target dependency graph (1 target)
    Target 'Notiee' in project 'Notiee' (no dependencies)

GatherProvisioningInputs

CreateBuildDescription

ExecuteExternalTool /Applications/Xcode.app/Contents/Developer/Toolchains/XcodeDefault.xctoolchain/usr/bin/clang -v -E -dM -isysroot /Applications/Xcode.app/Contents/Developer/Platforms/iPhoneSimulator.platform/Developer/SDKs/iPhoneSimulator26.5.sdk -x c -c /dev/null

ExecuteExternalTool /Applications/Xcode.app/Contents/Developer/Toolchains/XcodeDefault.xctoolchain/usr/bin/swiftc --version

ExecuteExternalTool /Applications/Xcode.app/Contents/Developer/Toolchains/XcodeDefault.xctoolchain/usr/bin/ld -version_details

Build description signature: 46f372c63a9b04c3c090bd1fe149917a
Build description path: /Users/tanqinghua/Library/Developer/Xcode/DerivedData/Notiee-dbcfwqxtgpjuxddmlvsrraajexcr/Build/Intermediates.noindex/XCBuildData/46f372c63a9b04c3c090bd1fe149917a.xcbuilddata
ClangStatCache /Applications/Xcode.app/Contents/Developer/Toolchains/XcodeDefault.xctoolchain/usr/bin/clang-stat-cache /Applications/Xcode.app/Contents/Developer/Platforms/iPhoneSimulator.platform/Developer/SDKs/iPhoneSimulator26.5.sdk /Users/tanqinghua/Library/Developer/Xcode/DerivedData/SDKStatCaches.noindex/iphonesimulator26.5-23F73-6cfe768891a92b912361537c460fe42b.sdkstatcache
    cd /Users/tanqinghua/Personal/Notiee/Notiee.xcodeproj
    /Applications/Xcode.app/Contents/Developer/Toolchains/XcodeDefault.xctoolchain/usr/bin/clang-stat-cache /Applications/Xcode.app/Contents/Developer/Platforms/iPhoneSimulator.platform/Developer/SDKs/iPhoneSimulator26.5.sdk -o /Users/tanqinghua/Library/Developer/Xcode/DerivedData/SDKStatCaches.noindex/iphonesimulator26.5-23F73-6cfe768891a92b912361537c460fe42b.sdkstatcache

ProcessInfoPlistFile /Users/tanqinghua/Library/Developer/Xcode/DerivedData/Notiee-dbcfwqxtgpjuxddmlvsrraajexcr/Build/Products/Debug-iphonesimulator/Notiee.app/Info.plist /Users/tanqinghua/Library/Developer/Xcode/DerivedData/Notiee-dbcfwqxtgpjuxddmlvsrraajexcr/Build/Intermediates.noindex/Notiee.build/Debug-iphonesimulator/Notiee.build/empty-Notiee.plist (in target 'Notiee' from project 'Notiee')
    cd /Users/tanqinghua/Personal/Notiee
    builtin-infoPlistUtility /Users/tanqinghua/Library/Developer/Xcode/DerivedData/Notiee-dbcfwqxtgpjuxddmlvsrraajexcr/Build/Intermediates.noindex/Notiee.build/Debug-iphonesimulator/Notiee.build/empty-Notiee.plist -producttype com.apple.product-type.application -genpkginfo /Users/tanqinghua/Library/Developer/Xcode/DerivedData/Notiee-dbcfwqxtgpjuxddmlvsrraajexcr/Build/Products/Debug-iphonesimulator/Notiee.app/PkgInfo -expandbuildsettings -format binary -platform iphonesimulator -o /Users/tanqinghua/Library/Developer/Xcode/DerivedData/Notiee-dbcfwqxtgpjuxddmlvsrraajexcr/Build/Products/Debug-iphonesimulator/Notiee.app/Info.plist

SwiftDriver Notiee normal arm64 com.apple.xcode.tools.swift.compiler (in target 'Notiee' from project 'Notiee')
    cd /Users/tanqinghua/Personal/Notiee
    builtin-SwiftDriver -- /Applications/Xcode.app/Contents/Developer/Toolchains/XcodeDefault.xctoolchain/usr/bin/swiftc -module-name Notiee -Onone @/Users/tanqinghua/Library/Developer/Xcode/DerivedData/Notiee-dbcfwqxtgpjuxddmlvsrraajexcr/Build/Intermediates.noindex/Notiee.build/Debug-iphonesimulator/Notiee.build/Objects-normal/arm64/Notiee.SwiftFileList -DDEBUG -enable-bare-slash-regex -enable-experimental-feature DebugDescriptionMacro -sdk /Applications/Xcode.app/Contents/Developer/Platforms/iPhoneSimulator.platform/Developer/SDKs/iPhoneSimulator26.5.sdk -target arm64-apple-ios17.0-simulator -g -module-cache-path /Users/tanqinghua/Library/Developer/Xcode/DerivedData/ModuleCache.noindex -Xfrontend -serialize-debugging-options -profile-coverage-mapping -profile-generate -enable-testing -index-store-path /Users/tanqinghua/Library/Developer/Xcode/DerivedData/Notiee-dbcfwqxtgpjuxddmlvsrraajexcr/Index.noindex/DataStore -Xcc -D_LIBCPP_HARDENING_MODE\=_LIBCPP_HARDENING_MODE_DEBUG -swift-version 5 -I /Users/tanqinghua/Library/Developer/Xcode/DerivedData/Notiee-dbcfwqxtgpjuxddmlvsrraajexcr/Build/Products/Debug-iphonesimulator -F /Users/tanqinghua/Library/Developer/Xcode/DerivedData/Notiee-dbcfwqxtgpjuxddmlvsrraajexcr/Build/Products/Debug-iphonesimulator -emit-localized-strings -emit-localized-strings-path /Users/tanqinghua/Library/Developer/Xcode/DerivedData/Notiee-dbcfwqxtgpjuxddmlvsrraajexcr/Build/Intermediates.noindex/Notiee.build/Debug-iphonesimulator/Notiee.build/Objects-normal/arm64 -c -j10 -enable-batch-mode -incremental -Xcc -ivfsstatcache -Xcc /Users/tanqinghua/Library/Developer/Xcode/DerivedData/SDKStatCaches.noindex/iphonesimulator26.5-23F73-6cfe768891a92b912361537c460fe42b.sdkstatcache -output-file-map /Users/tanqinghua/Library/Developer/Xcode/DerivedData/Notiee-dbcfwqxtgpjuxddmlvsrraajexcr/Build/Intermediates.noindex/Notiee.build/Debug-iphonesimulator/Notiee.build/Objects-normal/arm64/Notiee-OutputFileMap.json -use-frontend-parseable-output -save-temps -no-color-diagnostics -explicit-module-build -module-cache-path /Users/tanqinghua/Library/Developer/Xcode/DerivedData/Notiee-dbcfwqxtgpjuxddmlvsrraajexcr/Build/Intermediates.noindex/SwiftExplicitPrecompiledModules -clang-scanner-module-cache-path /Users/tanqinghua/Library/Developer/Xcode/DerivedData/ModuleCache.noindex -sdk-module-cache-path /Users/tanqinghua/Library/Developer/Xcode/DerivedData/ModuleCache.noindex -serialize-diagnostics -emit-dependencies -emit-module -emit-module-path /Users/tanqinghua/Library/Developer/Xcode/DerivedData/Notiee-dbcfwqxtgpjuxddmlvsrraajexcr/Build/Intermediates.noindex/Notiee.build/Debug-iphonesimulator/Notiee.build/Objects-normal/arm64/Notiee.swiftmodule -validate-clang-modules-once -clang-build-session-file /Users/tanqinghua/Library/Developer/Xcode/DerivedData/ModuleCache.noindex/Session.modulevalidation -Xcc -I/Users/tanqinghua/Library/Developer/Xcode/DerivedData/Notiee-dbcfwqxtgpjuxddmlvsrraajexcr/Build/Intermediates.noindex/Notiee.build/Debug-iphonesimulator/Notiee.build/swift-overrides.hmap -emit-const-values -Xfrontend -const-gather-protocols-file -Xfrontend /Users/tanqinghua/Library/Developer/Xcode/DerivedData/Notiee-dbcfwqxtgpjuxddmlvsrraajexcr/Build/Intermediates.noindex/Notiee.build/Debug-iphonesimulator/Notiee.build/Objects-normal/arm64/Notiee_const_extract_protocols.json -Xcc -iquote -Xcc /Users/tanqinghua/Library/Developer/Xcode/DerivedData/Notiee-dbcfwqxtgpjuxddmlvsrraajexcr/Build/Intermediates.noindex/Notiee.build/Debug-iphonesimulator/Notiee.build/Notiee-generated-files.hmap -Xcc -I/Users/tanqinghua/Library/Developer/Xcode/DerivedData/Notiee-dbcfwqxtgpjuxddmlvsrraajexcr/Build/Intermediates.noindex/Notiee.build/Debug-iphonesimulator/Notiee.build/Notiee-own-target-headers.hmap -Xcc -I/Users/tanqinghua/Library/Developer/Xcode/DerivedData/Notiee-dbcfwqxtgpjuxddmlvsrraajexcr/Build/Intermediates.noindex/Notiee.build/Debug-iphonesimulator/Notiee.build/Notiee-all-target-headers.hmap -Xcc -iquote -Xcc /Users/tanqinghua/Library/Developer/Xcode/DerivedData/Notiee-dbcfwqxtgpjuxddmlvsrraajexcr/Build/Intermediates.noindex/Notiee.build/Debug-iphonesimulator/Notiee.build/Notiee-project-headers.hmap -Xcc -I/Users/tanqinghua/Library/Developer/Xcode/DerivedData/Notiee-dbcfwqxtgpjuxddmlvsrraajexcr/Build/Products/Debug-iphonesimulator/include -Xcc -I/Users/tanqinghua/Library/Developer/Xcode/DerivedData/Notiee-dbcfwqxtgpjuxddmlvsrraajexcr/Build/Intermediates.noindex/Notiee.build/Debug-iphonesimulator/Notiee.build/DerivedSources-normal/arm64 -Xcc -I/Users/tanqinghua/Library/Developer/Xcode/DerivedData/Notiee-dbcfwqxtgpjuxddmlvsrraajexcr/Build/Intermediates.noindex/Notiee.build/Debug-iphonesimulator/Notiee.build/DerivedSources/arm64 -Xcc -I/Users/tanqinghua/Library/Developer/Xcode/DerivedData/Notiee-dbcfwqxtgpjuxddmlvsrraajexcr/Build/Intermediates.noindex/Notiee.build/Debug-iphonesimulator/Notiee.build/DerivedSources -Xcc -DDEBUG\=1 -emit-objc-header -emit-objc-header-path /Users/tanqinghua/Library/Developer/Xcode/DerivedData/Notiee-dbcfwqxtgpjuxddmlvsrraajexcr/Build/Intermediates.noindex/Notiee.build/Debug-iphonesimulator/Notiee.build/Objects-normal/arm64/Notiee-Swift.h -working-directory /Users/tanqinghua/Personal/Notiee -experimental-emit-module-separately -disable-cmo

SwiftEmitModule normal arm64 Emitting\ module\ for\ Notiee (in target 'Notiee' from project 'Notiee')

EmitSwiftModule normal arm64 (in target 'Notiee' from project 'Notiee')
    cd /Users/tanqinghua/Personal/Notiee
    
/Users/tanqinghua/Personal/Notiee/Notiee/Features/Capture/CaptureView.swift:332:9: error: invalid redeclaration of 'displayName'
    var displayName: String {
        ^
/Users/tanqinghua/Personal/Notiee/Notiee/Models/AIProcessingState+UI.swift:4:9: note: 'displayName' previously declared here
    var displayName: String {
        ^
/Users/tanqinghua/Personal/Notiee/Notiee/Models/AIProcessingState+UI.swift:4:9: note: 'displayName' previously declared here
    var displayName: String {
        ^

Failed frontend command:
/Applications/Xcode.app/Contents/Developer/Toolchains/XcodeDefault.xctoolchain/usr/bin/swift-frontend -frontend -emit-module -experimental-skip-non-inlinable-function-bodies-without-types /Users/tanqinghua/Personal/Notiee/Notiee/Models/AIProcessingState+UI.swift /Users/tanqinghua/Personal/Notiee/Notiee/Features/Records/RecordThumbnailView.swift /Users/tanqinghua/Personal/Notiee/Notiee/Features/Records/EventDetailView.swift /Users/tanqinghua/Personal/Notiee/Notiee/Services/CalendarService.swift /Users/tanqinghua/Personal/Notiee/Notiee/Features/Capture/CameraPreviewView.swift /Users/tanqinghua/Personal/Notiee/Notiee/Services/LocalImageStore.swift /Users/tanqinghua/Personal/Notiee/Notiee/Services/CameraManager.swift /Users/tanqinghua/Personal/Notiee/Notiee/App/NotieeApp.swift /Users/tanqinghua/Personal/Notiee/Notiee/App/RootTabView.swift /Users/tanqinghua/Personal/Notiee/Notiee/Features/Today/TodayView.swift /Users/tanqinghua/Personal/Notiee/Notiee/Features/Capture/CaptureView.swift /Users/tanqinghua/Personal/Notiee/Notiee/Features/Records/RecordsView.swift /Users/tanqinghua/Personal/Notiee/Notiee/Features/Records/RecordDetailView.swift /Users/tanqinghua/Personal/Notiee/Notiee/Features/Records/RecordDetailViewModel.swift /Users/tanqinghua/Personal/Notiee/Notiee/Features/Settings/SettingsView.swift /Users/tanqinghua/Personal/Notiee/Notiee/Models/ScheduledEvent.swift /Users/tanqinghua/Personal/Notiee/Notiee/Models/NoteRecord.swift /Users/tanqinghua/Personal/Notiee/Notiee/Models/NoteTodo.swift /Users/tanqinghua/Personal/Notiee/Notiee/Models/AIProcessingState.swift /Users/tanqinghua/Personal/Notiee/Notiee/Models/AppTab.swift /Users/tanqinghua/Personal/Notiee/Notiee/Models/AIModelConfiguration.swift /Users/tanqinghua/Personal/Notiee/Notiee/Services/ScheduleMatcher.swift /Users/tanqinghua/Personal/Notiee/Notiee/Services/JSONNoteRecordStore.swift /Users/tanqinghua/Personal/Notiee/Notiee/Services/NotieeStore.swift /Users/tanqinghua/Personal/Notiee/Notiee/Services/UserDefaultsAppSettingsStore.swift /Users/tanqinghua/Personal/Notiee/Notiee/Features/Today/TodayViewModel.swift /Users/tanqinghua/Personal/Notiee/Notiee/Features/Capture/CaptureViewModel.swift /Users/tanqinghua/Personal/Notiee/Notiee/Features/Settings/SettingsViewModel.swift /Users/tanqinghua/Personal/Notiee/Notiee/Services/MockAIProcessingService.swift -target arm64-apple-ios17.0-simulator -disable-cross-import-overlay-search -swift-module-cross-import PhotosUI /Applications/Xcode.app/Contents/Developer/Platforms/iPhoneSimulator.platform/Developer/SDKs/iPhoneSimulator.sdk/System/Library/Frameworks/PhotosUI.framework/Modules/PhotosUI.swiftcrossimport/SwiftUI.swiftoverlay -swift-module-cross-import PhotosUI /Applications/Xcode.app/Contents/Developer/Platforms/iPhoneSimulator.platform/Developer/SDKs/iPhoneSimulator.sdk/System/Library/Frameworks/PhotosUI.framework/Modules/PhotosUI.swiftcrossimport/WidgetKit.swiftoverlay -swift-module-cross-import PhotosUI /Applications/Xcode.app/Contents/Developer/Platforms/iPhoneSimulator.platform/Developer/SDKs/iPhoneSimulator26.5.sdk/System/Library/Frameworks/PhotosUI.framework/Modules/PhotosUI.swiftcrossimport/SwiftUI.swiftoverlay -swift-module-cross-import PhotosUI /Applications/Xcode.app/Contents/Developer/Platforms/iPhoneSimulator.platform/Developer/SDKs/iPhoneSimulator26.5.sdk/System/Library/Frameworks/PhotosUI.framework/Modules/PhotosUI.swiftcrossimport/WidgetKit.swiftoverlay -load-resolved-plugin /Applications/Xcode.app/Contents/Developer/Platforms/iPhoneOS.platform/Developer/usr/lib/swift/host/plugins/libFoundationMacros.dylib\#/Applications/Xcode.app/Contents/Developer/Platforms/iPhoneOS.platform/Developer/usr/bin/swift-plugin-server\#FoundationMacros -load-resolved-plugin /Applications/Xcode.app/Contents/Developer/Platforms/iPhoneOS.platform/Developer/usr/lib/swift/host/plugins/libObservationMacros.dylib\#/Applications/Xcode.app/Contents/Developer/Platforms/iPhoneOS.platform/Developer/usr/bin/swift-plugin-server\#ObservationMacros -load-resolved-plugin /Applications/Xcode.app/Contents/Developer/Platforms/iPhoneOS.platform/Developer/usr/lib/swift/host/plugins/libPreviewsMacros.dylib\#/Applications/Xcode.app/Contents/Developer/Platforms/iPhoneOS.platform/Developer/usr/bin/swift-plugin-server\#PreviewsMacros -load-resolved-plugin /Applications/Xcode.app/Contents/Developer/Platforms/iPhoneOS.platform/Developer/usr/lib/swift/host/plugins/libSwiftMacros.dylib\#/Applications/Xcode.app/Contents/Developer/Platforms/iPhoneOS.platform/Developer/usr/bin/swift-plugin-server\#SwiftMacros -load-resolved-plugin /Applications/Xcode.app/Contents/Developer/Platforms/iPhoneOS.platform/Developer/usr/lib/swift/host/plugins/libSwiftUIMacros.dylib\#/Applications/Xcode.app/Contents/Developer/Platforms/iPhoneOS.platform/Developer/usr/bin/swift-plugin-server\#SwiftUIMacros -disable-implicit-swift-modules -Xcc -fno-implicit-modules -Xcc -fno-implicit-module-maps -explicit-swift-module-map-file /Users/tanqinghua/Library/Developer/Xcode/DerivedData/Notiee-dbcfwqxtgpjuxddmlvsrraajexcr/Build/Intermediates.noindex/Notiee.build/Debug-iphonesimulator/Notiee.build/Objects-normal/arm64/Notiee-dependencies-1.json -Xllvm -aarch64-use-tbi -enable-objc-interop -sdk /Applications/Xcode.app/Contents/Developer/Platforms/iPhoneSimulator.platform/Developer/SDKs/iPhoneSimulator26.5.sdk -I /Users/tanqinghua/Library/Developer/Xcode/DerivedData/Notiee-dbcfwqxtgpjuxddmlvsrraajexcr/Build/Products/Debug-iphonesimulator -F /Users/tanqinghua/Library/Developer/Xcode/DerivedData/Notiee-dbcfwqxtgpjuxddmlvsrraajexcr/Build/Products/Debug-iphonesimulator -no-color-diagnostics -Xcc -fno-color-diagnostics -enable-testing -g -debug-info-format\=dwarf -dwarf-version\=4 -module-cache-path /Users/tanqinghua/Library/Developer/Xcode/DerivedData/Notiee-dbcfwqxtgpjuxddmlvsrraajexcr/Build/Intermediates.noindex/SwiftExplicitPrecompiledModules -profile-generate -profile-coverage-mapping -swift-version 5 -Onone -D DEBUG -serialize-debugging-options -const-gather-protocols-file /Users/tanqinghua/Library/Developer/Xcode/DerivedData/Notiee-dbcfwqxtgpjuxddmlvsrraajexcr/Build/Intermediates.noindex/Notiee.build/Debug-iphonesimulator/Notiee.build/Objects-normal/arm64/Notiee_const_extract_protocols.json -enable-experimental-feature DebugDescriptionMacro -enable-bare-slash-regex -empty-abi-descriptor -validate-clang-modules-once -clang-build-session-file /Users/tanqinghua/Library/Developer/Xcode/DerivedData/ModuleCache.noindex/Session.modulevalidation -Xcc -working-directory -Xcc /Users/tanqinghua/Personal/Notiee -enable-anonymous-context-mangled-names -file-compilation-dir /Users/tanqinghua/Personal/Notiee -Xcc -D_LIBCPP_HARDENING_MODE\=_LIBCPP_HARDENING_MODE_DEBUG -Xcc -ivfsstatcache -Xcc /Users/tanqinghua/Library/Developer/Xcode/DerivedData/SDKStatCaches.noindex/iphonesimulator26.5-23F73-6cfe768891a92b912361537c460fe42b.sdkstatcache -Xcc -I/Users/tanqinghua/Library/Developer/Xcode/DerivedData/Notiee-dbcfwqxtgpjuxddmlvsrraajexcr/Build/Intermediates.noindex/Notiee.build/Debug-iphonesimulator/Notiee.build/swift-overrides.hmap -Xcc -iquote -Xcc /Users/tanqinghua/Library/Developer/Xcode/DerivedData/Notiee-dbcfwqxtgpjuxddmlvsrraajexcr/Build/Intermediates.noindex/Notiee.build/Debug-iphonesimulator/Notiee.build/Notiee-generated-files.hmap -Xcc -I/Users/tanqinghua/Library/Developer/Xcode/DerivedData/Notiee-dbcfwqxtgpjuxddmlvsrraajexcr/Build/Intermediates.noindex/Notiee.build/Debug-iphonesimulator/Notiee.build/Notiee-own-target-headers.hmap -Xcc -I/Users/tanqinghua/Library/Developer/Xcode/DerivedData/Notiee-dbcfwqxtgpjuxddmlvsrraajexcr/Build/Intermediates.noindex/Notiee.build/Debug-iphonesimulator/Notiee.build/Notiee-all-target-headers.hmap -Xcc -iquote -Xcc /Users/tanqinghua/Library/Developer/Xcode/DerivedData/Notiee-dbcfwqxtgpjuxddmlvsrraajexcr/Build/Intermediates.noindex/Notiee.build/Debug-iphonesimulator/Notiee.build/Notiee-project-headers.hmap -Xcc -I/Users/tanqinghua/Library/Developer/Xcode/DerivedData/Notiee-dbcfwqxtgpjuxddmlvsrraajexcr/Build/Products/Debug-iphonesimulator/include -Xcc -I/Users/tanqinghua/Library/Developer/Xcode/DerivedData/Notiee-dbcfwqxtgpjuxddmlvsrraajexcr/Build/Intermediates.noindex/Notiee.build/Debug-iphonesimulator/Notiee.build/DerivedSources-normal/arm64 -Xcc -I/Users/tanqinghua/Library/Developer/Xcode/DerivedData/Notiee-dbcfwqxtgpjuxddmlvsrraajexcr/Build/Intermediates.noindex/Notiee.build/Debug-iphonesimulator/Notiee.build/DerivedSources/arm64 -Xcc -I/Users/tanqinghua/Library/Developer/Xcode/DerivedData/Notiee-dbcfwqxtgpjuxddmlvsrraajexcr/Build/Intermediates.noindex/Notiee.build/Debug-iphonesimulator/Notiee.build/DerivedSources -Xcc -DDEBUG\=1 -no-auto-bridging-header-chaining -module-name Notiee -frontend-parseable-output -disable-clang-spi -clang-target arm64-apple-ios26.5-simulator -target-sdk-version 26.5 -target-sdk-name iphonesimulator26.5 -in-process-plugin-server-path /Applications/Xcode.app/Contents/Developer/Toolchains/XcodeDefault.xctoolchain/usr/lib/swift/host/libSwiftInProcPluginServer.dylib -emit-module-doc-path /Users/tanqinghua/Library/Developer/Xcode/DerivedData/Notiee-dbcfwqxtgpjuxddmlvsrraajexcr/Build/Intermediates.noindex/Notiee.build/Debug-iphonesimulator/Notiee.build/Objects-normal/arm64/Notiee.swiftdoc -emit-module-source-info-path /Users/tanqinghua/Library/Developer/Xcode/DerivedData/Notiee-dbcfwqxtgpjuxddmlvsrraajexcr/Build/Intermediates.noindex/Notiee.build/Debug-iphonesimulator/Notiee.build/Objects-normal/arm64/Notiee.swiftsourceinfo -emit-objc-header-path /Users/tanqinghua/Library/Developer/Xcode/DerivedData/Notiee-dbcfwqxtgpjuxddmlvsrraajexcr/Build/Intermediates.noindex/Notiee.build/Debug-iphonesimulator/Notiee.build/Objects-normal/arm64/Notiee-Swift.h -serialize-diagnostics-path /Users/tanqinghua/Library/Developer/Xcode/DerivedData/Notiee-dbcfwqxtgpjuxddmlvsrraajexcr/Build/Intermediates.noindex/Notiee.build/Debug-iphonesimulator/Notiee.build/Objects-normal/arm64/Notiee-primary-emit-module.dia -emit-dependencies-path /Users/tanqinghua/Library/Developer/Xcode/DerivedData/Notiee-dbcfwqxtgpjuxddmlvsrraajexcr/Build/Intermediates.noindex/Notiee.build/Debug-iphonesimulator/Notiee.build/Objects-normal/arm64/Notiee-primary-emit-module.d -o /Users/tanqinghua/Library/Developer/Xcode/DerivedData/Notiee-dbcfwqxtgpjuxddmlvsrraajexcr/Build/Intermediates.noindex/Notiee.build/Debug-iphonesimulator/Notiee.build/Objects-normal/arm64/Notiee.swiftmodule -emit-abi-descriptor-path /Users/tanqinghua/Library/Developer/Xcode/DerivedData/Notiee-dbcfwqxtgpjuxddmlvsrraajexcr/Build/Intermediates.noindex/Notiee.build/Debug-iphonesimulator/Notiee.build/Objects-normal/arm64/Notiee.abi.json
SwiftCompile normal arm64 Compiling\ TodayView.swift /Users/tanqinghua/Personal/Notiee/Notiee/Features/Today/TodayView.swift (in target 'Notiee' from project 'Notiee')
SwiftCompile normal arm64 /Users/tanqinghua/Personal/Notiee/Notiee/Features/Today/TodayView.swift (in target 'Notiee' from project 'Notiee')
    cd /Users/tanqinghua/Personal/Notiee
    

SwiftCompile normal arm64 Compiling\ RecordsView.swift /Users/tanqinghua/Personal/Notiee/Notiee/Features/Records/RecordsView.swift (in target 'Notiee' from project 'Notiee')
SwiftCompile normal arm64 /Users/tanqinghua/Personal/Notiee/Notiee/Features/Records/RecordsView.swift (in target 'Notiee' from project 'Notiee')
    cd /Users/tanqinghua/Personal/Notiee
    

SwiftCompile normal arm64 Compiling\ RecordDetailView.swift /Users/tanqinghua/Personal/Notiee/Notiee/Features/Records/RecordDetailView.swift (in target 'Notiee' from project 'Notiee')

SwiftCompile normal arm64 /Users/tanqinghua/Personal/Notiee/Notiee/Features/Records/RecordDetailView.swift (in target 'Notiee' from project 'Notiee')
    cd /Users/tanqinghua/Personal/Notiee
    

SwiftCompile normal arm64 Compiling\ CaptureView.swift /Users/tanqinghua/Personal/Notiee/Notiee/Features/Capture/CaptureView.swift (in target 'Notiee' from project 'Notiee')
SwiftCompile normal arm64 /Users/tanqinghua/Personal/Notiee/Notiee/Features/Capture/CaptureView.swift (in target 'Notiee' from project 'Notiee')
    cd /Users/tanqinghua/Personal/Notiee
    

SwiftCompile normal arm64 Compiling\ JSONNoteRecordStore.swift /Users/tanqinghua/Personal/Notiee/Notiee/Services/JSONNoteRecordStore.swift (in target 'Notiee' from project 'Notiee')

SwiftCompile normal arm64 /Users/tanqinghua/Personal/Notiee/Notiee/Services/JSONNoteRecordStore.swift (in target 'Notiee' from project 'Notiee')
    cd /Users/tanqinghua/Personal/Notiee
    

SwiftCompile normal arm64 Compiling\ SettingsView.swift /Users/tanqinghua/Personal/Notiee/Notiee/Features/Settings/SettingsView.swift (in target 'Notiee' from project 'Notiee')

SwiftCompile normal arm64 /Users/tanqinghua/Personal/Notiee/Notiee/Features/Settings/SettingsView.swift (in target 'Notiee' from project 'Notiee')
    cd /Users/tanqinghua/Personal/Notiee
    

SwiftCompile normal arm64 Compiling\ CaptureViewModel.swift /Users/tanqinghua/Personal/Notiee/Notiee/Features/Capture/CaptureViewModel.swift (in target 'Notiee' from project 'Notiee')

SwiftCompile normal arm64 /Users/tanqinghua/Personal/Notiee/Notiee/Features/Capture/CaptureViewModel.swift (in target 'Notiee' from project 'Notiee')
    cd /Users/tanqinghua/Personal/Notiee
    
/Users/tanqinghua/Personal/Notiee/Notiee/Features/Capture/CaptureViewModel.swift:94:21: warning: initialization of immutable value 'captureIndex' was never used; consider replacing with assignment to '_' or removing it
                let captureIndex = capturedRecords.count + 1
                ~~~~^~~~~~~~~~~~
                _

SwiftCompile normal arm64 Compiling\ NoteRecord.swift /Users/tanqinghua/Personal/Notiee/Notiee/Models/NoteRecord.swift (in target 'Notiee' from project 'Notiee')

SwiftCompile normal arm64 /Users/tanqinghua/Personal/Notiee/Notiee/Models/NoteRecord.swift (in target 'Notiee' from project 'Notiee')
    cd /Users/tanqinghua/Personal/Notiee
    

SwiftCompile normal arm64 Compiling\ TodayViewModel.swift /Users/tanqinghua/Personal/Notiee/Notiee/Features/Today/TodayViewModel.swift (in target 'Notiee' from project 'Notiee')

SwiftCompile normal arm64 /Users/tanqinghua/Personal/Notiee/Notiee/Features/Today/TodayViewModel.swift (in target 'Notiee' from project 'Notiee')
    cd /Users/tanqinghua/Personal/Notiee
    

SwiftDriverJobDiscovery normal arm64 Compiling NoteRecord.swift (in target 'Notiee' from project 'Notiee')

SwiftDriverJobDiscovery normal arm64 Compiling JSONNoteRecordStore.swift (in target 'Notiee' from project 'Notiee')

SwiftDriverJobDiscovery normal arm64 Compiling CaptureViewModel.swift (in target 'Notiee' from project 'Notiee')

SwiftDriverJobDiscovery normal arm64 Compiling TodayViewModel.swift (in target 'Notiee' from project 'Notiee')

SwiftDriverJobDiscovery normal arm64 Compiling SettingsView.swift (in target 'Notiee' from project 'Notiee')

** BUILD FAILED **


The following build commands failed:
	EmitSwiftModule normal arm64 (in target 'Notiee' from project 'Notiee')
	SwiftEmitModule normal arm64 Emitting\ module\ for\ Notiee (in target 'Notiee' from project 'Notiee')
	Building project Notiee with scheme Notiee
(3 failures)
